// Jest Snapshot v1, https://goo.gl/fbAQLP

exports[`Generates runtime output it should have generated the runtime output 1`] = `
Object {
  "flat": Array [
    Object {
      "editUrl": "https://github.com/user/repo/edit/master/packages/@docfy/core/tests/__fixtures__/monorepo/README.md",
      "headings": Array [],
      "metadata": Object {
        "order": -1,
        "relativeUrl": "",
      },
      "source": "README.md",
      "title": "The index",
      "url": "/docs/",
    },
    Object {
      "editUrl": "https://github.com/user/repo/edit/master/packages/@docfy/core/tests/__fixtures__/monorepo/docs/how-it-works.md",
      "headings": Array [],
      "metadata": Object {
        "order": 0,
        "relativeUrl": "how-it-works",
      },
      "source": "docs/how-it-works.md",
      "title": "How it works?",
      "url": "/docs/how-it-works",
    },
    Object {
      "editUrl": "https://github.com/user/repo/edit/master/packages/@docfy/core/tests/__fixtures__/monorepo/docs/about.md",
      "headings": Array [
        Object {
          "depth": 2,
          "id": "history",
          "title": "History",
        },
        Object {
          "depth": 2,
          "id": "where-it-came-from",
          "title": "Where it came from",
        },
        Object {
          "depth": 2,
          "id": "another-topic",
          "title": "Another topic",
        },
        Object {
          "depth": 2,
          "id": "2-level",
          "title": "2 level",
        },
      ],
      "metadata": Object {
        "order": 1,
        "relativeUrl": "about",
      },
      "source": "docs/about.md",
      "title": "About the project",
      "url": "/docs/about",
    },
    Object {
      "editUrl": "https://github.com/user/repo/edit/master/packages/@docfy/core/tests/__fixtures__/monorepo/packages/package1/docs/intro.md",
      "headings": Array [],
      "metadata": Object {
        "category": "category1",
        "relativeUrl": "intro",
      },
      "source": "packages/package1/docs/intro.md",
      "title": "Docs Intro",
      "url": "/docs/category1/intro",
    },
    Object {
      "editUrl": "https://github.com/user/repo/edit/master/packages/@docfy/core/tests/__fixtures__/monorepo/packages/package1/components/button.md",
      "headings": Array [],
      "metadata": Object {
        "category": "category1",
        "order": 0,
        "relativeUrl": "button",
        "subcategory": "components",
      },
      "source": "packages/package1/components/button.md",
      "title": "Button Component",
      "url": "/docs/category1/components/button",
    },
    Object {
      "editUrl": "https://github.com/user/repo/edit/master/packages/@docfy/core/tests/__fixtures__/monorepo/packages/package1/components/form/index.md",
      "headings": Array [],
      "metadata": Object {
        "category": "category1",
        "order": 1,
        "relativeUrl": "",
        "subcategory": "components",
      },
      "source": "packages/package1/components/form/index.md",
      "title": "Form Component",
      "url": "/docs/category1/components/form/",
    },
    Object {
      "editUrl": "https://github.com/user/repo/edit/master/packages/@docfy/core/tests/__fixtures__/monorepo/packages/package2/docs/overview.md",
      "headings": Array [],
      "metadata": Object {
        "category": "category2",
        "order": 0,
        "relativeUrl": "overview",
        "title": "Overview",
      },
      "source": "packages/package2/docs/overview.md",
      "title": "Overview",
      "url": "/docs/category2/overview",
    },
    Object {
      "editUrl": "https://github.com/user/repo/edit/master/packages/@docfy/core/tests/__fixtures__/monorepo/packages/package2/docs/styles.md",
      "headings": Array [],
      "metadata": Object {
        "category": "category2",
        "order": 1,
        "relativeUrl": "styles",
      },
      "source": "packages/package2/docs/styles.md",
      "title": "How styles work",
      "url": "/docs/category2/styles",
    },
  ],
  "nested": Object {
    "children": Array [
      Object {
        "children": Array [
          Object {
            "children": Array [
              Object {
                "children": Array [
                  Object {
                    "children": Array [],
                    "label": "form",
                    "name": "form",
                    "pages": Array [
                      Object {
                        "editUrl": "https://github.com/user/repo/edit/master/packages/@docfy/core/tests/__fixtures__/monorepo/packages/package1/components/form/index.md",
                        "headings": Array [],
                        "metadata": Object {
                          "category": "category1",
                          "order": 1,
                          "relativeUrl": "",
                          "subcategory": "components",
                        },
                        "source": "packages/package1/components/form/index.md",
                        "title": "Form Component",
                        "url": "/docs/category1/components/form/",
                      },
                    ],
                  },
                ],
                "label": "components",
                "name": "components",
                "pages": Array [
                  Object {
                    "editUrl": "https://github.com/user/repo/edit/master/packages/@docfy/core/tests/__fixtures__/monorepo/packages/package1/components/button.md",
                    "headings": Array [],
                    "metadata": Object {
                      "category": "category1",
                      "order": 0,
                      "relativeUrl": "button",
                      "subcategory": "components",
                    },
                    "source": "packages/package1/components/button.md",
                    "title": "Button Component",
                    "url": "/docs/category1/components/button",
                  },
                ],
              },
            ],
            "label": "category1",
            "name": "category1",
            "pages": Array [
              Object {
                "editUrl": "https://github.com/user/repo/edit/master/packages/@docfy/core/tests/__fixtures__/monorepo/packages/package1/docs/intro.md",
                "headings": Array [],
                "metadata": Object {
                  "category": "category1",
                  "relativeUrl": "intro",
                },
                "source": "packages/package1/docs/intro.md",
                "title": "Docs Intro",
                "url": "/docs/category1/intro",
              },
            ],
          },
          Object {
            "children": Array [],
            "label": "category2",
            "name": "category2",
            "pages": Array [
              Object {
                "editUrl": "https://github.com/user/repo/edit/master/packages/@docfy/core/tests/__fixtures__/monorepo/packages/package2/docs/overview.md",
                "headings": Array [],
                "metadata": Object {
                  "category": "category2",
                  "order": 0,
                  "relativeUrl": "overview",
                  "title": "Overview",
                },
                "source": "packages/package2/docs/overview.md",
                "title": "Overview",
                "url": "/docs/category2/overview",
              },
              Object {
                "editUrl": "https://github.com/user/repo/edit/master/packages/@docfy/core/tests/__fixtures__/monorepo/packages/package2/docs/styles.md",
                "headings": Array [],
                "metadata": Object {
                  "category": "category2",
                  "order": 1,
                  "relativeUrl": "styles",
                },
                "source": "packages/package2/docs/styles.md",
                "title": "How styles work",
                "url": "/docs/category2/styles",
              },
            ],
          },
        ],
        "label": "docs",
        "name": "docs",
        "pages": Array [
          Object {
            "editUrl": "https://github.com/user/repo/edit/master/packages/@docfy/core/tests/__fixtures__/monorepo/README.md",
            "headings": Array [],
            "metadata": Object {
              "order": -1,
              "relativeUrl": "",
            },
            "source": "README.md",
            "title": "The index",
            "url": "/docs/",
          },
          Object {
            "editUrl": "https://github.com/user/repo/edit/master/packages/@docfy/core/tests/__fixtures__/monorepo/docs/how-it-works.md",
            "headings": Array [],
            "metadata": Object {
              "order": 0,
              "relativeUrl": "how-it-works",
            },
            "source": "docs/how-it-works.md",
            "title": "How it works?",
            "url": "/docs/how-it-works",
          },
          Object {
            "editUrl": "https://github.com/user/repo/edit/master/packages/@docfy/core/tests/__fixtures__/monorepo/docs/about.md",
            "headings": Array [
              Object {
                "depth": 2,
                "id": "history",
                "title": "History",
              },
              Object {
                "depth": 2,
                "id": "where-it-came-from",
                "title": "Where it came from",
              },
              Object {
                "depth": 2,
                "id": "another-topic",
                "title": "Another topic",
              },
              Object {
                "depth": 2,
                "id": "2-level",
                "title": "2 level",
              },
            ],
            "metadata": Object {
              "order": 1,
              "relativeUrl": "about",
            },
            "source": "docs/about.md",
            "title": "About the project",
            "url": "/docs/about",
          },
        ],
      },
    ],
    "label": "/",
    "name": "/",
    "pages": Array [],
  },
}
`;
